[  9%] Built target oep_repository
[ 10%] Built target oep_search
[ 12%] Built target oep_packages
[ 14%] Built target oep_validation
[ 15%] Building CXX object tests/repository/CMakeFiles/oep_repository_tests.dir/metadata_tests.cpp.o
[ 16%] Building CXX object tests/repository/CMakeFiles/oep_engineering_object_tests.dir/engineering_object_tests.cpp.o
[ 17%] Building CXX object tests/repository/CMakeFiles/oep_relationship_tests.dir/relationship_tests.cpp.o
[ 25%] Built target oep_installer
[ 25%] Building CXX object tests/repository/CMakeFiles/oep_graph_engine_tests.dir/graph_engine_tests.cpp.o
[ 25%] Linking CXX executable oep_relationship_tests
[ 25%] Linking CXX executable oep_repository_tests
[ 26%] Linking CXX executable oep_graph_engine_tests
[ 27%] Linking CXX executable oep_engineering_object_tests
[ 27%] Built target oep_repository_tests
[ 28%] Building CXX object tests/repository/CMakeFiles/oep_audit_store_tests.dir/audit_store_tests.cpp.o
[ 28%] Built target oep_relationship_tests
[ 29%] Building CXX object tests/repository/CMakeFiles/oep_batch_processor_tests.dir/batch_processor_tests.cpp.o
[ 29%] Built target oep_graph_engine_tests
[ 29%] Built target oep_engineering_object_tests
[ 30%] Building CXX object tests/search/CMakeFiles/oep_search_engine_tests.dir/search_engine_tests.cpp.o
[ 31%] Building CXX object tests/validation/CMakeFiles/oep_repository_validator_tests.dir/repository_validator_tests.cpp.o
[ 31%] Linking CXX executable oep_audit_store_tests
[ 32%] Linking CXX executable oep_batch_processor_tests
[ 33%] Linking CXX executable oep_search_engine_tests
[ 34%] Linking CXX executable oep_repository_validator_tests
[ 34%] Built target oep_audit_store_tests
[ 35%] Building CXX object tests/packages/CMakeFiles/oep_package_manager_tests.dir/package_manager_tests.cpp.o
[ 35%] Built target oep_batch_processor_tests
[ 36%] Building CXX object tests/installer/CMakeFiles/oep_zip_reader_tests.dir/zip_reader_tests.cpp.o
[ 36%] Built target oep_search_engine_tests
[ 37%] Building CXX object tests/installer/CMakeFiles/oep_package_manifest_tests.dir/oep_package_manifest_tests.cpp.o
[ 37%] Built target oep_repository_validator_tests
[ 37%] Building CXX object tests/installer/CMakeFiles/oep_sha256_tests.dir/sha256_tests.cpp.o
[ 37%] Linking CXX executable oep_package_manager_tests
[ 38%] Linking CXX executable oep_package_manifest_tests
[ 39%] Linking CXX executable oep_zip_reader_tests
[ 39%] Built target oep_package_manifest_tests
[ 40%] Building CXX object tests/installer/CMakeFiles/oep_sha512_tests.dir/sha512_tests.cpp.o
[ 40%] Built target oep_zip_reader_tests
[ 41%] Building CXX object tests/installer/CMakeFiles/oep_ed25519_tests.dir/ed25519_tests.cpp.o
[ 42%] Linking CXX executable oep_sha256_tests
[ 42%] Built target oep_package_manager_tests
[ 42%] Building CXX object tests/installer/CMakeFiles/oep_trust_store_tests.dir/trust_store_tests.cpp.o
[ 42%] Built target oep_sha256_tests
[ 42%] Building CXX object tests/installer/CMakeFiles/oep_package_verifier_tests.dir/package_verifier_tests.cpp.o
[ 42%] Linking CXX executable oep_sha512_tests
[ 42%] Linking CXX executable oep_ed25519_tests
[ 42%] Built target oep_sha512_tests
[ 43%] Building CXX object tests/installer/CMakeFiles/oep_repository_registry_tests.dir/repository_registry_tests.cpp.o
[ 43%] Built target oep_ed25519_tests
[ 43%] Building CXX object tests/installer/CMakeFiles/oep_package_installer_tests.dir/package_installer_tests.cpp.o
[ 44%] Linking CXX executable oep_trust_store_tests
[ 45%] Linking CXX executable oep_package_verifier_tests
[ 46%] Linking CXX executable oep_repository_registry_tests
[ 46%] Built target oep_trust_store_tests
[ 47%] Linking CXX executable oep_package_installer_tests
[ 48%] Building CXX object tests/installer/CMakeFiles/oep_version_constraint_tests.dir/version_constraint_tests.cpp.o
[ 48%] Built target oep_repository_registry_tests
[ 48%] Building CXX object tests/installer/CMakeFiles/oep_dependency_resolver_tests.dir/dependency_resolver_tests.cpp.o
[ 48%] Built target oep_package_verifier_tests
[ 53%] Built target oep_archive
[ 53%] Linking CXX executable oep_version_constraint_tests
[ 53%] Built target oep_version_constraint_tests
[ 53%] Building CXX object tests/archive/CMakeFiles/oep_repository_exporter_tests.dir/repository_exporter_tests.cpp.o
[ 54%] Linking CXX executable oep_dependency_resolver_tests
[ 57%] Built target oep_runtime
[ 58%] Building CXX object tests/archive/CMakeFiles/oep_repository_importer_tests.dir/repository_importer_tests.cpp.o
[ 58%] Built target oep_package_installer_tests
[ 58%] Built target oep_dependency_resolver_tests
[ 58%] Building CXX object tests/archive/CMakeFiles/oep_repository_template_tests.dir/repository_template_tests.cpp.o
[ 59%] Building CXX object tests/runtime/CMakeFiles/oep_foundation_runtime_tests.dir/foundation_runtime_tests.cpp.o
[ 60%] Linking CXX executable oep_repository_exporter_tests
[ 60%] Linking CXX executable oep_repository_importer_tests
[ 61%] Linking CXX executable oep_repository_template_tests
[ 61%] Linking CXX executable oep_foundation_runtime_tests
[ 61%] Built target oep_repository_exporter_tests
[ 62%] Building CXX object tests/runtime/CMakeFiles/oep_package_installation_tests.dir/package_installation_tests.cpp.o
[ 62%] Built target oep_repository_importer_tests
[ 62%] Building CXX object tests/runtime/CMakeFiles/oep_transaction_journal_tests.dir/transaction_journal_tests.cpp.o
[ 62%] Built target oep_repository_template_tests
[ 63%] Building CXX object tests/runtime/CMakeFiles/oep_trust_integration_tests.dir/trust_integration_tests.cpp.o
[ 64%] Linking CXX executable oep_transaction_journal_tests
[ 64%] Built target oep_transaction_journal_tests
[ 64%] Building CXX object tests/runtime/CMakeFiles/oep_dependency_resolution_integration_tests.dir/dependency_resolution_integration_tests.cpp.o
[ 65%] Linking CXX executable oep_package_installation_tests
[ 65%] Built target oep_foundation_runtime_tests
[ 66%] Linking CXX executable oep_trust_integration_tests
[ 66%] Building CXX object platform/api/CMakeFiles/oep_api.dir/src/oep_api.cpp.o
[ 67%] Linking CXX executable oep_dependency_resolution_integration_tests
[ 67%] Built target oep_package_installation_tests
[ 68%] Building CXX object platform/cli/CMakeFiles/oep_cli_core.dir/src/command_registry.cpp.o
[ 68%] Built target oep_trust_integration_tests
[ 69%] Building CXX object platform/cli/CMakeFiles/oep_cli_core.dir/src/commands/batch_command.cpp.o
[ 70%] Linking CXX static library liboep_api.a
[ 70%] Built target oep_api
[ 70%] Building CXX object platform/cli/CMakeFiles/oep_cli_core.dir/src/commands/export_command.cpp.o
[ 70%] Building C object platform/api/manual_test/CMakeFiles/oep_capi_manual_test.dir/capi_manual_test.c.o
[ 71%] Linking CXX executable oep_capi_manual_test
[ 71%] Built target oep_dependency_resolution_integration_tests
[ 72%] Building CXX object tests/api/CMakeFiles/oep_api_tests.dir/oep_api_tests.cpp.o
[ 73%] Building CXX object platform/cli/CMakeFiles/oep_cli_core.dir/src/commands/graph_command.cpp.o
[ 74%] Building CXX object platform/cli/CMakeFiles/oep_cli_core.dir/src/commands/help_command.cpp.o
[ 74%] Linking CXX executable oep_api_tests
[ 74%] Building CXX object platform/cli/CMakeFiles/oep_cli_core.dir/src/commands/import_command.cpp.o
[ 75%] Building CXX object platform/cli/CMakeFiles/oep_cli_core.dir/src/commands/init_command.cpp.o
[ 75%] Built target oep_capi_manual_test
[ 76%] Building CXX object platform/cli/CMakeFiles/oep_cli_core.dir/src/commands/object_command.cpp.o
[ 76%] Building CXX object platform/cli/CMakeFiles/oep_cli_core.dir/src/commands/open_command.cpp.o
[ 77%] Building CXX object platform/cli/CMakeFiles/oep_cli_core.dir/src/commands/package_command.cpp.o
[ 77%] Built target oep_api_tests
[ 77%] Building CXX object platform/cli/CMakeFiles/oep_cli_core.dir/src/commands/transaction_command.cpp.o
[ 78%] Building CXX object platform/cli/CMakeFiles/oep_cli_core.dir/src/commands/trust_command.cpp.o
[ 79%] Building CXX object platform/cli/CMakeFiles/oep_cli_core.dir/src/commands/packages_command.cpp.o
[ 79%] Building CXX object platform/cli/CMakeFiles/oep_cli_core.dir/src/commands/relationship_command.cpp.o
[ 80%] Building CXX object platform/cli/CMakeFiles/oep_cli_core.dir/src/commands/repository_path_option.cpp.o
[ 81%] Building CXX object platform/cli/CMakeFiles/oep_cli_core.dir/src/commands/search_command.cpp.o
[ 81%] Building CXX object platform/cli/CMakeFiles/oep_cli_core.dir/src/commands/status_command.cpp.o
[ 82%] Building CXX object platform/cli/CMakeFiles/oep_cli_core.dir/src/commands/template_command.cpp.o
[ 83%] Building CXX object platform/cli/CMakeFiles/oep_cli_core.dir/src/commands/validate_command.cpp.o
[ 83%] Building CXX object platform/cli/CMakeFiles/oep_cli_core.dir/src/commands/version_command.cpp.o
[ 84%] Building CXX object platform/cli/CMakeFiles/oep_cli_core.dir/src/generator/repository_generator.cpp.o
[ 85%] Linking CXX static library liboep_cli_core.a
[ 85%] Built target oep_cli_core
[ 88%] Building CXX object tests/cli/CMakeFiles/oep_relationship_command_tests.dir/relationship_command_tests.cpp.o
[ 88%] Building CXX object tests/cli/CMakeFiles/oep_cli_commands_tests.dir/cli_commands_tests.cpp.o
[ 88%] Building CXX object tests/cli/CMakeFiles/oep_object_command_tests.dir/object_command_tests.cpp.o
[ 88%] Building CXX object platform/cli/CMakeFiles/oep.dir/src/main.cpp.o
[ 88%] Linking CXX executable oep_object_command_tests
[ 88%] Linking CXX executable oep_relationship_command_tests
[ 88%] Linking CXX executable oep_cli_commands_tests
[ 89%] Linking CXX executable oep
[ 89%] Built target oep_object_command_tests
[ 90%] Building CXX object tests/cli/CMakeFiles/oep_search_command_tests.dir/search_command_tests.cpp.o
[ 90%] Built target oep_relationship_command_tests
[ 91%] Building CXX object tests/cli/CMakeFiles/oep_graph_command_tests.dir/graph_command_tests.cpp.o
[ 91%] Built target oep_cli_commands_tests
[ 91%] Building CXX object tests/cli/CMakeFiles/oep_export_command_tests.dir/export_command_tests.cpp.o
[ 91%] Built target oep
[ 92%] Building CXX object tests/cli/CMakeFiles/oep_import_command_tests.dir/import_command_tests.cpp.o
[ 93%] Linking CXX executable oep_graph_command_tests
[ 93%] Linking CXX executable oep_search_command_tests
[ 94%] Linking CXX executable oep_export_command_tests
[ 94%] Linking CXX executable oep_import_command_tests
[ 94%] Built target oep_graph_command_tests
[ 95%] Building CXX object tests/cli/CMakeFiles/oep_template_command_tests.dir/template_command_tests.cpp.o
[ 95%] Built target oep_search_command_tests
[ 96%] Building CXX object tests/cli/CMakeFiles/oep_batch_command_tests.dir/batch_command_tests.cpp.o
[ 96%] Built target oep_export_command_tests
[ 97%] Building CXX object tests/cli/CMakeFiles/oep_package_command_tests.dir/package_command_tests.cpp.o
[ 97%] Built target oep_import_command_tests
[ 97%] Building CXX object tests/cli/CMakeFiles/oep_transaction_command_tests.dir/transaction_command_tests.cpp.o
[ 98%] Linking CXX executable oep_template_command_tests
[ 98%] Linking CXX executable oep_batch_command_tests
[ 98%] Linking CXX executable oep_package_command_tests
[ 99%] Linking CXX executable oep_transaction_command_tests
[ 99%] Built target oep_template_command_tests
[100%] Building CXX object tests/cli/CMakeFiles/oep_trust_command_tests.dir/trust_command_tests.cpp.o
[100%] Built target oep_batch_command_tests
[100%] Built target oep_package_command_tests
[100%] Built target oep_transaction_command_tests
[100%] Linking CXX executable oep_trust_command_tests
[100%] Built target oep_trust_command_tests
