[  9%] Built target oep_repository
[ 12%] Built target oep_search
[ 12%] Built target oep_packages
[ 14%] Built target oep_validation
[ 22%] Built target oep_installer
[ 23%] Built target oep_repository_tests
[ 24%] Built target oep_relationship_tests
[ 26%] Built target oep_engineering_object_tests
[ 27%] Built target oep_graph_engine_tests
[ 28%] Built target oep_audit_store_tests
[ 30%] Built target oep_batch_processor_tests
[ 32%] Built target oep_search_engine_tests
[ 34%] Built target oep_repository_validator_tests
[ 37%] Built target oep_package_manager_tests
[ 37%] Built target oep_zip_reader_tests
[ 39%] Built target oep_package_manifest_tests
[ 40%] Built target oep_sha256_tests
[ 41%] Built target oep_sha512_tests
[ 42%] Built target oep_ed25519_tests
[ 43%] Built target oep_trust_store_tests
[ 44%] Built target oep_package_verifier_tests
[ 46%] Built target oep_repository_registry_tests
[ 47%] Built target oep_version_constraint_tests
[ 48%] Built target oep_package_installer_tests
[ 53%] Built target oep_archive
[ 54%] Built target oep_dependency_resolver_tests
[ 57%] Built target oep_runtime
[ 58%] Built target oep_repository_exporter_tests
[ 59%] Built target oep_repository_importer_tests
[ 60%] Built target oep_repository_template_tests
[ 60%] Building CXX object platform/api/CMakeFiles/oep_api.dir/src/oep_api.cpp.o
[ 61%] Built target oep_foundation_runtime_tests
[ 63%] Built target oep_package_installation_tests
[ 64%] Built target oep_transaction_journal_tests
[ 66%] Built target oep_trust_integration_tests
[ 67%] Built target oep_dependency_resolution_integration_tests
[ 82%] Built target oep_cli_core
[ 83%] Built target oep_object_command_tests
[ 84%] Built target oep_cli_commands_tests
[ 85%] Built target oep
[ 86%] Built target oep_relationship_command_tests
[ 87%] Built target oep_search_command_tests
[ 89%] Built target oep_graph_command_tests
[ 90%] Built target oep_export_command_tests
[ 92%] Built target oep_import_command_tests
[ 93%] Built target oep_template_command_tests
[ 94%] Built target oep_batch_command_tests
[ 96%] Built target oep_package_command_tests
[ 96%] Built target oep_transaction_command_tests
[ 97%] Built target oep_trust_command_tests
[ 98%] Linking CXX static library liboep_api.a
[ 98%] Built target oep_api
[ 98%] Building C object platform/api/manual_test/CMakeFiles/oep_capi_manual_test.dir/capi_manual_test.c.o
[ 99%] Linking CXX executable oep_capi_manual_test
[100%] Building CXX object tests/api/CMakeFiles/oep_api_tests.dir/oep_api_tests.cpp.o
[100%] Linking CXX executable oep_api_tests
[100%] Built target oep_capi_manual_test
[100%] Built target oep_api_tests
